Archive member included to satisfy reference by file (symbol)

.pio\build\app_in_ram\libcec\libled.a(led.o)
                              .pio\build\app_in_ram\src\app\main.o (led_enable)
.pio\build\app_in_ram\lib4a3\libnuc745_utils.a(nuc745_utils.o)
                              .pio\build\app_in_ram\src\app\main.o (wait_for_blue_button_release)
c:/piovscport/platformio/packages/toolchain-gccarmnoneeabi/bin/../lib/gcc/arm-none-eabi/7.2.1/../../../../arm-none-eabi/lib/thumb/v7e-m\libc_nano.a(lib_a-exit.o)
                              c:/piovscport/platformio/packages/toolchain-gccarmnoneeabi/bin/../lib/gcc/arm-none-eabi/7.2.1/../../../../arm-none-eabi/lib/thumb/v7e-m/crt0.o (exit)
c:/piovscport/platformio/packages/toolchain-gccarmnoneeabi/bin/../lib/gcc/arm-none-eabi/7.2.1/../../../../arm-none-eabi/lib/thumb/v7e-m\libc_nano.a(lib_a-impure.o)
                              c:/piovscport/platformio/packages/toolchain-gccarmnoneeabi/bin/../lib/gcc/arm-none-eabi/7.2.1/../../../../arm-none-eabi/lib/thumb/v7e-m\libc_nano.a(lib_a-exit.o) (_global_impure_ptr)
c:/piovscport/platformio/packages/toolchain-gccarmnoneeabi/bin/../lib/gcc/arm-none-eabi/7.2.1/../../../../arm-none-eabi/lib/thumb/v7e-m\libc_nano.a(lib_a-init.o)
                              c:/piovscport/platformio/packages/toolchain-gccarmnoneeabi/bin/../lib/gcc/arm-none-eabi/7.2.1/../../../../arm-none-eabi/lib/thumb/v7e-m/crt0.o (__libc_init_array)
c:/piovscport/platformio/packages/toolchain-gccarmnoneeabi/bin/../lib/gcc/arm-none-eabi/7.2.1/../../../../arm-none-eabi/lib/thumb/v7e-m\libc_nano.a(lib_a-memset.o)
                              c:/piovscport/platformio/packages/toolchain-gccarmnoneeabi/bin/../lib/gcc/arm-none-eabi/7.2.1/../../../../arm-none-eabi/lib/thumb/v7e-m/crt0.o (memset)
c:/piovscport/platformio/packages/toolchain-gccarmnoneeabi/bin/../lib/gcc/arm-none-eabi/7.2.1/thumb/v7e-m\libgcc.a(_arm_addsubsf3.o)
                              .pio\build\app_in_ram\system\system.o (__aeabi_fadd)
c:/piovscport/platformio/packages/toolchain-gccarmnoneeabi/bin/../lib/gcc/arm-none-eabi/7.2.1/thumb/v7e-m\libgcc.a(_arm_muldivsf3.o)
                              .pio\build\app_in_ram\system\system.o (__aeabi_fmul)
c:/piovscport/platformio/packages/toolchain-gccarmnoneeabi/bin/../lib/gcc/arm-none-eabi/7.2.1/thumb/v7e-m\libgcc.a(_arm_fixunssfsi.o)
                              .pio\build\app_in_ram\system\system.o (__aeabi_f2uiz)
.pio\build\app_in_ram\lib5d4\libLL.a(stm32h7xx_ll_gpio.o)
                              .pio\build\app_in_ram\lib4a3\libnuc745_utils.a(nuc745_utils.o) (LL_GPIO_DeInit)
c:/piovscport/platformio/packages/toolchain-gccarmnoneeabi/bin/../lib/gcc/arm-none-eabi/7.2.1/../../../../arm-none-eabi/lib/thumb/v7e-m\libc_nano.a(lib_a-assert.o)
                              .pio\build\app_in_ram\lib5d4\libLL.a(stm32h7xx_ll_gpio.o) (__assert_func)
c:/piovscport/platformio/packages/toolchain-gccarmnoneeabi/bin/../lib/gcc/arm-none-eabi/7.2.1/../../../../arm-none-eabi/lib/thumb/v7e-m\libc_nano.a(lib_a-fprintf.o)
                              c:/piovscport/platformio/packages/toolchain-gccarmnoneeabi/bin/../lib/gcc/arm-none-eabi/7.2.1/../../../../arm-none-eabi/lib/thumb/v7e-m\libc_nano.a(lib_a-assert.o) (fiprintf)
c:/piovscport/platformio/packages/toolchain-gccarmnoneeabi/bin/../lib/gcc/arm-none-eabi/7.2.1/../../../../arm-none-eabi/lib/thumb/v7e-m\libc_nano.a(lib_a-nano-vfprintf.o)
                              c:/piovscport/platformio/packages/toolchain-gccarmnoneeabi/bin/../lib/gcc/arm-none-eabi/7.2.1/../../../../arm-none-eabi/lib/thumb/v7e-m\libc_nano.a(lib_a-fprintf.o) (_vfprintf_r)
c:/piovscport/platformio/packages/toolchain-gccarmnoneeabi/bin/../lib/gcc/arm-none-eabi/7.2.1/../../../../arm-none-eabi/lib/thumb/v7e-m\libc_nano.a(lib_a-nano-vfprintf_i.o)
                              c:/piovscport/platformio/packages/toolchain-gccarmnoneeabi/bin/../lib/gcc/arm-none-eabi/7.2.1/../../../../arm-none-eabi/lib/thumb/v7e-m\libc_nano.a(lib_a-nano-vfprintf.o) (_printf_i)
c:/piovscport/platformio/packages/toolchain-gccarmnoneeabi/bin/../lib/gcc/arm-none-eabi/7.2.1/../../../../arm-none-eabi/lib/thumb/v7e-m\libc_nano.a(lib_a-wbuf.o)
                              c:/piovscport/platformio/packages/toolchain-gccarmnoneeabi/bin/../lib/gcc/arm-none-eabi/7.2.1/../../../../arm-none-eabi/lib/thumb/v7e-m\libc_nano.a(lib_a-nano-vfprintf.o) (__swbuf_r)
c:/piovscport/platformio/packages/toolchain-gccarmnoneeabi/bin/../lib/gcc/arm-none-eabi/7.2.1/../../../../arm-none-eabi/lib/thumb/v7e-m\libc_nano.a(lib_a-wsetup.o)
                              c:/piovscport/platformio/packages/toolchain-gccarmnoneeabi/bin/../lib/gcc/arm-none-eabi/7.2.1/../../../../arm-none-eabi/lib/thumb/v7e-m\libc_nano.a(lib_a-nano-vfprintf.o) (__swsetup_r)
c:/piovscport/platformio/packages/toolchain-gccarmnoneeabi/bin/../lib/gcc/arm-none-eabi/7.2.1/../../../../arm-none-eabi/lib/thumb/v7e-m\libc_nano.a(lib_a-abort.o)
[...]
Memory Configuration

Name             Origin             Length             Attributes
RAM_EXEC         0x24000000         0x00040000         xr
RAM              0x24040000         0x00040000         xrw
*default*        0x00000000         0xffffffff

Linker script and memory map

LOAD c:/piovscport/platformio/packages/toolchain-gccarmnoneeabi/bin/../lib/gcc/arm-none-eabi/7.2.1/thumb/v7e-m/crti.o
LOAD c:/piovscport/platformio/packages/toolchain-gccarmnoneeabi/bin/../lib/gcc/arm-none-eabi/7.2.1/thumb/v7e-m/crtbegin.o
LOAD c:/piovscport/platformio/packages/toolchain-gccarmnoneeabi/bin/../lib/gcc/arm-none-eabi/7.2.1/../../../../arm-none-eabi/lib/thumb/v7e-m/crt0.o
LOAD .pio\build\app_in_ram\system\startup.o
LOAD .pio\build\app_in_ram\system\system.o
LOAD .pio\build\app_in_ram\src\app\main.o
START GROUP
LOAD .pio\build\app_in_ram\libcec\libled.a
LOAD .pio\build\app_in_ram\lib5d4\libLL.a
LOAD .pio\build\app_in_ram\lib4a3\libnuc745_utils.a
LOAD c:/piovscport/platformio/packages/toolchain-gccarmnoneeabi/bin/../lib/gcc/arm-none-eabi/7.2.1/../../../../arm-none-eabi/lib/thumb/v7e-m\libc_nano.a
LOAD c:/piovscport/platformio/packages/toolchain-gccarmnoneeabi/bin/../lib/gcc/arm-none-eabi/7.2.1/thumb/v7e-m\libgcc.a
LOAD c:/piovscport/platformio/packages/toolchain-gccarmnoneeabi/bin/../lib/gcc/arm-none-eabi/7.2.1/../../../../arm-none-eabi/lib/thumb/v7e-m\libm.a
LOAD c:/piovscport/platformio/packages/toolchain-gccarmnoneeabi/bin/../lib/gcc/arm-none-eabi/7.2.1/../../../../arm-none-eabi/lib/thumb/v7e-m\libstdc++_nano.a
END GROUP
START GROUP
LOAD c:/piovscport/platformio/packages/toolchain-gccarmnoneeabi/bin/../lib/gcc/arm-none-eabi/7.2.1/thumb/v7e-m\libgcc.a
LOAD c:/piovscport/platformio/packages/toolchain-gccarmnoneeabi/bin/../lib/gcc/arm-none-eabi/7.2.1/../../../../arm-none-eabi/lib/thumb/v7e-m\libg_nano.a
LOAD c:/piovscport/platformio/packages/toolchain-gccarmnoneeabi/bin/../lib/gcc/arm-none-eabi/7.2.1/../../../../arm-none-eabi/lib/thumb/v7e-m\libc_nano.a
END GROUP
START GROUP
LOAD c:/piovscport/platformio/packages/toolchain-gccarmnoneeabi/bin/../lib/gcc/arm-none-eabi/7.2.1/thumb/v7e-m\libgcc.a
LOAD c:/piovscport/platformio/packages/toolchain-gccarmnoneeabi/bin/../lib/gcc/arm-none-eabi/7.2.1/../../../../arm-none-eabi/lib/thumb/v7e-m\libc_nano.a
LOAD c:/piovscport/platformio/packages/toolchain-gccarmnoneeabi/bin/../lib/gcc/arm-none-eabi/7.2.1/../../../../arm-none-eabi/lib/thumb/v7e-m\libnosys.a
END GROUP
START GROUP
LOAD c:/piovscport/platformio/packages/toolchain-gccarmnoneeabi/bin/../lib/gcc/arm-none-eabi/7.2.1/thumb/v7e-m\libgcc.a
LOAD c:/piovscport/platformio/packages/toolchain-gccarmnoneeabi/bin/../lib/gcc/arm-none-eabi/7.2.1/../../../../arm-none-eabi/lib/thumb/v7e-m\libc_nano.a
LOAD c:/piovscport/platformio/packages/toolchain-gccarmnoneeabi/bin/../lib/gcc/arm-none-eabi/7.2.1/../../../../arm-none-eabi/lib/thumb/v7e-m\libnosys.a
END GROUP
LOAD c:/piovscport/platformio/packages/toolchain-gccarmnoneeabi/bin/../lib/gcc/arm-none-eabi/7.2.1/thumb/v7e-m/crtend.o
LOAD c:/piovscport/platformio/packages/toolchain-gccarmnoneeabi/bin/../lib/gcc/arm-none-eabi/7.2.1/thumb/v7e-m/crtn.o
                0x24080000                _estack = 0x24080000
                0x00000200                _Min_Heap_Size = 0x200
                0x00000400                _Min_Stack_Size = 0x400

.isr_vector     0x24000000      0x298
                0x24000000                . = ALIGN (0x4)
 *(.isr_vector)
 .isr_vector    0x24000000      0x298 .pio\build\app_in_ram\system\startup.o
                0x24000000                g_pfnVectors
                0x24000298                . = ALIGN (0x4)

.text           0x240002a0     0x1898
                0x240002a0                . = ALIGN (0x4)
 *(.text)
 .text          0x240002a0       0x40 c:/piovscport/platformio/packages/toolchain-gccarmnoneeabi/bin/../lib/gcc/arm-none-eabi/7.2.1/thumb/v7e-m/crtbegin.o
 .text          0x240002e0       0xa0 c:/piovscport/platformio/packages/toolchain-gccarmnoneeabi/bin/../lib/gcc/arm-none-eabi/7.2.1/../../../../arm-none-eabi/lib/thumb/v7e-m\libc_nano.a(lib_a-memchr.o)
                0x240002e0                memchr
 *(.text*)
 .text.Reset_Handler
                0x24000380       0x50 .pio\build\app_in_ram\system\startup.o
                0x24000380                Reset_Handler
 .text.Default_Handler
                0x240003d0        0x2 .pio\build\app_in_ram\system\startup.o
                0x240003d0                RTC_Alarm_IRQHandler
                0x240003d0                EXTI2_IRQHandler
                0x240003d0                TIM8_CC_IRQHandler
                0x240003d0                HRTIM1_Master_IRQHandler
                0x240003d0                DebugMon_Handler
                0x240003d0                UART8_IRQHandler
                0x240003d0                SPI4_IRQHandler
                0x240003d0                TIM1_CC_IRQHandler
                0x240003d0                BDMA_Channel6_IRQHandler
                0x240003d0                DMA2_Stream5_IRQHandler
                0x240003d0                HardFault_Handler
                0x240003d0                HRTIM1_FLT_IRQHandler
                0x240003d0                JPEG_IRQHandler
                0x240003d0                DMA1_Stream5_IRQHandler
                0x240003d0                SysTick_Handler
                0x240003d0                BDMA_Channel1_IRQHandler
                0x240003d0                HRTIM1_TIMD_IRQHandler
                0x240003d0                TAMP_STAMP_IRQHandler
                0x240003d0                PendSV_Handler
                0x240003d0                NMI_Handler
                0x240003d0                EXTI3_IRQHandler
                0x240003d0                LPTIM4_IRQHandler
                0x240003d0                TIM8_TRG_COM_TIM14_IRQHandler
                0x240003d0                LPTIM2_IRQHandler
                0x240003d0                DFSDM1_FLT1_IRQHandler
                0x240003d0                DMAMUX2_OVR_IRQHandler
                0x240003d0                TIM8_UP_TIM13_IRQHandler
                0x240003d0                I2C3_ER_IRQHandler
                0x240003d0                DFSDM1_FLT2_IRQHandler
                0x240003d0                MDMA_IRQHandler
                0x240003d0                LPTIM3_IRQHandler
                0x240003d0                HSEM1_IRQHandler
                0x240003d0                EXTI0_IRQHandler
                0x240003d0                I2C2_EV_IRQHandler
                0x240003d0                DMA1_Stream2_IRQHandler
                0x240003d0                FPU_IRQHandler
                0x240003d0                OTG_HS_WKUP_IRQHandler
                0x240003d0                FDCAN1_IT1_IRQHandler
                0x240003d0                UsageFault_Handler
                0x240003d0                LTDC_ER_IRQHandler
                0x240003d0                DMA2_Stream2_IRQHandler
                0x240003d0                HRTIM1_TIME_IRQHandler
                0x240003d0                SPI1_IRQHandler
                0x240003d0                TIM6_DAC_IRQHandler
                0x240003d0                DCMI_IRQHandler
                0x240003d0                HRTIM1_TIMC_IRQHandler
                0x240003d0                DMA2_Stream3_IRQHandler
                0x240003d0                SAI2_IRQHandler
                0x240003d0                DFSDM1_FLT3_IRQHandler
                0x240003d0                USART6_IRQHandler
                0x240003d0                TIM17_IRQHandler
                0x240003d0                USART3_IRQHandler
                0x240003d0                BDMA_Channel7_IRQHandler
                0x240003d0                LPTIM5_IRQHandler
                0x240003d0                UART5_IRQHandler
                0x240003d0                ADC3_IRQHandler
                0x240003d0                DMA2_Stream0_IRQHandler
                0x240003d0                TIM4_IRQHandler
                0x240003d0                BDMA_Channel2_IRQHandler
                0x240003d0                QUADSPI_IRQHandler
                0x240003d0                I2C1_EV_IRQHandler
                0x240003d0                DMA1_Stream6_IRQHandler
                0x240003d0                DMAMUX1_OVR_IRQHandler
                0x240003d0                DMA1_Stream1_IRQHandler
                0x240003d0                TIM16_IRQHandler
                0x240003d0                UART4_IRQHandler
                0x240003d0                BDMA_Channel5_IRQHandler
                0x240003d0                TIM3_IRQHandler
                0x240003d0                RCC_IRQHandler
                0x240003d0                TIM8_BRK_TIM12_IRQHandler
                0x240003d0                TIM1_TRG_COM_IRQHandler
                0x240003d0                Default_Handler
                0x240003d0                ECC_IRQHandler
                0x240003d0                CEC_IRQHandler
                0x240003d0                BDMA_Channel0_IRQHandler
                0x240003d0                ADC_IRQHandler
                0x240003d0                DMA1_Stream7_IRQHandler
                0x240003d0                HRTIM1_TIMA_IRQHandler
                0x240003d0                SPI5_IRQHandler
                0x240003d0                TIM7_IRQHandler
                0x240003d0                SDMMC1_IRQHandler
                0x240003d0                TIM5_IRQHandler
                0x240003d0                DMA2_Stream7_IRQHandler
                0x240003d0                TIM15_IRQHandler
                0x240003d0                PVD_AVD_IRQHandler
                0x240003d0                I2C3_EV_IRQHandler
                0x240003d0                EXTI9_5_IRQHandler
                0x240003d0                RTC_WKUP_IRQHandler
                0x240003d0                LTDC_IRQHandler
                0x240003d0                SAI3_IRQHandler
                0x240003d0                ETH_WKUP_IRQHandler
                0x240003d0                SPDIF_RX_IRQHandler
                0x240003d0                SPI2_IRQHandler
                0x240003d0                OTG_HS_EP1_IN_IRQHandler
                0x240003d0                MemManage_Handler
                0x240003d0                DMA1_Stream0_IRQHandler
                0x240003d0                SVC_Handler
                0x240003d0                CRS_IRQHandler
                0x240003d0                CM7_SEV_IRQHandler
                0x240003d0                EXTI4_IRQHandler
                0x240003d0                RNG_IRQHandler
                0x240003d0                CM4_SEV_IRQHandler
                0x240003d0                HRTIM1_TIMB_IRQHandler
                0x240003d0                FDCAN2_IT1_IRQHandler
                0x240003d0                ETH_IRQHandler
                0x240003d0                TIM1_UP_IRQHandler
                0x240003d0                WWDG_RST_IRQHandler
                0x240003d0                BDMA_Channel4_IRQHandler
                0x240003d0                OTG_HS_EP1_OUT_IRQHandler
                0x240003d0                WWDG_IRQHandler
                0x240003d0                SPI6_IRQHandler
                0x240003d0                MDIOS_IRQHandler
                0x240003d0                I2C4_EV_IRQHandler
                0x240003d0                FDCAN2_IT0_IRQHandler
                0x240003d0                LPUART1_IRQHandler
                0x240003d0                FDCAN1_IT0_IRQHandler
                0x240003d0                TIM2_IRQHandler
                0x240003d0                OTG_FS_WKUP_IRQHandler
                0x240003d0                OTG_HS_IRQHandler
                0x240003d0                HSEM2_IRQHandler
                0x240003d0                DMA2D_IRQHandler
                0x240003d0                TIM1_BRK_IRQHandler
                0x240003d0                EXTI1_IRQHandler
                0x240003d0                SDMMC2_IRQHandler
                0x240003d0                OTG_FS_EP1_OUT_IRQHandler
                0x240003d0                BDMA_Channel3_IRQHandler
                0x240003d0                HOLD_CORE_IRQHandler
                0x240003d0                UART7_IRQHandler
                0x240003d0                MDIOS_WKUP_IRQHandler
                0x240003d0                USART2_IRQHandler
                0x240003d0                DFSDM1_FLT0_IRQHandler
                0x240003d0                SAI4_IRQHandler
                0x240003d0                I2C2_ER_IRQHandler
                0x240003d0                DMA2_Stream1_IRQHandler
                0x240003d0                FLASH_IRQHandler
                0x240003d0                DMA2_Stream4_IRQHandler
                0x240003d0                BusFault_Handler
                0x240003d0                USART1_IRQHandler
                0x240003d0                OTG_FS_IRQHandler
                0x240003d0                SPI3_IRQHandler
                0x240003d0                WAKEUP_PIN_IRQHandler
                0x240003d0                DMA1_Stream4_IRQHandler
                0x240003d0                OTG_FS_EP1_IN_IRQHandler
                0x240003d0                I2C1_ER_IRQHandler
                0x240003d0                FMC_IRQHandler
                0x240003d0                FDCAN_CAL_IRQHandler
                0x240003d0                SWPMI1_IRQHandler
                0x240003d0                COMP1_IRQHandler
                0x240003d0                LPTIM1_IRQHandler
                0x240003d0                I2C4_ER_IRQHandler
                0x240003d0                DMA2_Stream6_IRQHandler
                0x240003d0                SAI1_IRQHandler
                0x240003d0                DMA1_Stream3_IRQHandler
 *fill*         0x240003d2        0x2 
 .text.SystemInit
                0x240003d4       0x5c .pio\build\app_in_ram\system\system.o
                0x240003d4                SystemInit
 .text.blue_button_init
                0x24000430       0xac .pio\build\app_in_ram\src\app\main.o
                0x24000430                blue_button_init
 .text.blue_button_pressed
                0x240004dc       0x18 .pio\build\app_in_ram\src\app\main.o
                0x240004dc                blue_button_pressed
 .text.blue_button_edge_handler
                0x240004f4       0x18 .pio\build\app_in_ram\src\app\main.o
                0x240004f4                blue_button_edge_handler
 .text.EXTI15_10_IRQHandler
                0x2400050c       0x24 .pio\build\app_in_ram\src\app\main.o
                0x2400050c                EXTI15_10_IRQHandler
 .text.main     0x24000530       0x1a .pio\build\app_in_ram\src\app\main.o
                0x24000530                main
 *fill*         0x2400054a        0x2 
 .text.led_red_enable
                0x2400054c       0x24 .pio\build\app_in_ram\libcec\libled.a(led.o)
 .text.led_red_disable
                0x24000570       0x10 .pio\build\app_in_ram\libcec\libled.a(led.o)
 .text.led_red_toggle
                0x24000580       0x10 .pio\build\app_in_ram\libcec\libled.a(led.o)
 .text.led_red_on
                0x24000590       0x10 .pio\build\app_in_ram\libcec\libled.a(led.o)
 .text.led_yellow_enable
                0x240005a0       0x24 .pio\build\app_in_ram\libcec\libled.a(led.o)
 .text.led_yellow_disable
                0x240005c4       0x10 .pio\build\app_in_ram\libcec\libled.a(led.o)
 .text.led_yellow_toggle
                0x240005d4       0x10 .pio\build\app_in_ram\libcec\libled.a(led.o)
 .text.led_yellow_on
                0x240005e4       0x10 .pio\build\app_in_ram\libcec\libled.a(led.o)
 .text.led_green_enable
                0x240005f4       0x24 .pio\build\app_in_ram\libcec\libled.a(led.o)
 .text.led_green_disable
                0x24000618       0x10 .pio\build\app_in_ram\libcec\libled.a(led.o)
 .text.led_green_toggle
                0x24000628       0x10 .pio\build\app_in_ram\libcec\libled.a(led.o)
 .text.led_green_on
                0x24000638       0x10 .pio\build\app_in_ram\libcec\libled.a(led.o)
 .text.led_enable
                0x24000648       0x2a .pio\build\app_in_ram\libcec\libled.a(led.o)
                0x24000648                led_enable
 .text.led_toggle
                0x24000672       0x2a .pio\build\app_in_ram\libcec\libled.a(led.o)
                0x24000672                led_toggle
 .text.led_on   0x2400069c       0x2a .pio\build\app_in_ram\libcec\libled.a(led.o)
                0x2400069c                led_on
 .text.led_disable
                0x240006c6       0x2a .pio\build\app_in_ram\libcec\libled.a(led.o)
                0x240006c6                led_disable
 .text.wait_for_blue_button_release
                0x240006f0       0x68 .pio\build\app_in_ram\lib4a3\libnuc745_utils.a(nuc745_utils.o)
                0x240006f0                wait_for_blue_button_release
 .text.__libc_init_array
                0x24000758       0x48 c:/piovscport/platformio/packages/toolchain-gccarmnoneeabi/bin/../lib/gcc/arm-none-eabi/7.2.1/../../../../arm-none-eabi/lib/thumb/v7e-m\libc_nano.a(lib_a-init.o)
                0x24000758                __libc_init_array
 .text.memset   0x240007a0       0x10 c:/piovscport/platformio/packages/toolchain-gccarmnoneeabi/bin/../lib/gcc/arm-none-eabi/7.2.1/../../../../arm-none-eabi/lib/thumb/v7e-m\libc_nano.a(lib_a-memset.o)
                0x240007a0                memset
 .text.LL_GPIO_DeInit
                0x240007b0      0x250 .pio\build\app_in_ram\lib5d4\libLL.a(stm32h7xx_ll_gpio.o)
                0x240007b0                LL_GPIO_DeInit
 .text.LL_GPIO_Init
                0x24000a00      0x1e0 .pio\build\app_in_ram\lib5d4\libLL.a(stm32h7xx_ll_gpio.o)
                0x24000a00                LL_GPIO_Init
 .text.LL_GPIO_StructInit
                0x24000be0       0x16 .pio\build\app_in_ram\lib5d4\libLL.a(stm32h7xx_ll_gpio.o)
                0x24000be0                LL_GPIO_StructInit
 *fill*         0x24000bf6        0x2 
 .text.__assert_func
                0x24000bf8       0x3c c:/piovscport/platformio/packages/toolchain-gccarmnoneeabi/bin/../lib/gcc/arm-none-eabi/7.2.1/../../../../arm-none-eabi/lib/thumb/v7e-m\libc_nano.a(lib_a-assert.o)
                0x24000bf8                __assert_func
 .text.fprintf  0x24000c34       0x24 c:/piovscport/platformio/packages/toolchain-gccarmnoneeabi/bin/../lib/gcc/arm-none-eabi/7.2.1/../../../../arm-none-eabi/lib/thumb/v7e-m\libc_nano.a(lib_a-fprintf.o)
                0x24000c34                fiprintf
                0x24000c34                fprintf
 .text.__sfputc_r
                0x24000c58       0x2a c:/piovscport/platformio/packages/toolchain-gccarmnoneeabi/bin/../lib/gcc/arm-none-eabi/7.2.1/../../../../arm-none-eabi/lib/thumb/v7e-m\libc_nano.a(lib_a-nano-vfprintf.o)
 .text.__sfputs_r
                0x24000c82       0x24 c:/piovscport/platformio/packages/toolchain-gccarmnoneeabi/bin/../lib/gcc/arm-none-eabi/7.2.1/../../../../arm-none-eabi/lib/thumb/v7e-m\libc_nano.a(lib_a-nano-vfprintf.o)
                0x24000c82                __sfputs_r
 *fill*         0x24000ca6        0x2 
 .text._vfprintf_r
                0x24000ca8      0x228 c:/piovscport/platformio/packages/toolchain-gccarmnoneeabi/bin/../lib/gcc/arm-none-eabi/7.2.1/../../../../arm-none-eabi/lib/thumb/v7e-m\libc_nano.a(lib_a-nano-vfprintf.o)
                0x24000ca8                _vfprintf_r
                0x24000ca8                _vfiprintf_r
 .text._printf_common
                0x24000ed0       0xea c:/piovscport/platformio/packages/toolchain-gccarmnoneeabi/bin/../lib/gcc/arm-none-eabi/7.2.1/../../../../arm-none-eabi/lib/thumb/v7e-m\libc_nano.a(lib_a-nano-vfprintf_i.o)
                0x24000ed0                _printf_common
 *fill*         0x24000fba        0x2 
 .text._printf_i
                0x24000fbc      0x224 c:/piovscport/platformio/packages/toolchain-gccarmnoneeabi/bin/../lib/gcc/arm-none-eabi/7.2.1/../../../../arm-none-eabi/lib/thumb/v7e-m\libc_nano.a(lib_a-nano-vfprintf_i.o)
                0x24000fbc                _printf_i
 .text.__swbuf_r
                0x240011e0       0xa4 c:/piovscport/platformio/packages/toolchain-gccarmnoneeabi/bin/../lib/gcc/arm-none-eabi/7.2.1/../../../../arm-none-eabi/lib/thumb/v7e-m\libc_nano.a(lib_a-wbuf.o)
                0x240011e0                __swbuf_r
 .text.__swsetup_r
                0x24001284       0xdc c:/piovscport/platformio/packages/toolchain-gccarmnoneeabi/bin/../lib/gcc/arm-none-eabi/7.2.1/../../../../arm-none-eabi/lib/thumb/v7e-m\libc_nano.a(lib_a-wsetup.o)
                0x24001284                __swsetup_r
 .text.abort    0x24001360        0xe c:/piovscport/platformio/packages/toolchain-gccarmnoneeabi/bin/../lib/gcc/arm-none-eabi/7.2.1/../../../../arm-none-eabi/lib/thumb/v7e-m\libc_nano.a(lib_a-abort.o)
                0x24001360                abort
 *fill*         0x2400136e        0x2 
 .text.__sflush_r
                0x24001370      0x10c c:/piovscport/platformio/packages/toolchain-gccarmnoneeabi/bin/../lib/gcc/arm-none-eabi/7.2.1/../../../../arm-none-eabi/lib/thumb/v7e-m\libc_nano.a(lib_a-fflush.o)
                0x24001370                __sflush_r
 .text._fflush_r
                0x2400147c       0x54 c:/piovscport/platformio/packages/toolchain-gccarmnoneeabi/bin/../lib/gcc/arm-none-eabi/7.2.1/../../../../arm-none-eabi/lib/thumb/v7e-m\libc_nano.a(lib_a-fflush.o)
                0x2400147c                _fflush_r
 .text.std      0x240014d0       0x48 c:/piovscport/platformio/packages/toolchain-gccarmnoneeabi/bin/../lib/gcc/arm-none-eabi/7.2.1/../../../../arm-none-eabi/lib/thumb/v7e-m\libc_nano.a(lib_a-findfp.o)
 .text._cleanup_r
                0x24001518        0xc c:/piovscport/platformio/packages/toolchain-gccarmnoneeabi/bin/../lib/gcc/arm-none-eabi/7.2.1/../../../../arm-none-eabi/lib/thumb/v7e-m\libc_nano.a(lib_a-findfp.o)
                0x24001518                _cleanup_r
 .text.__sfmoreglue
                0x24001524       0x2c c:/piovscport/platformio/packages/toolchain-gccarmnoneeabi/bin/../lib/gcc/arm-none-eabi/7.2.1/../../../../arm-none-eabi/lib/thumb/v7e-m\libc_nano.a(lib_a-findfp.o)
                0x24001524                __sfmoreglue
 .text.__sinit  0x24001550       0x60 c:/piovscport/platformio/packages/toolchain-gccarmnoneeabi/bin/../lib/gcc/arm-none-eabi/7.2.1/../../../../arm-none-eabi/lib/thumb/v7e-m\libc_nano.a(lib_a-findfp.o)
                0x24001550                __sinit
 .text.__sfp    0x240015b0       0x78 c:/piovscport/platformio/packages/toolchain-gccarmnoneeabi/bin/../lib/gcc/arm-none-eabi/7.2.1/../../../../arm-none-eabi/lib/thumb/v7e-m\libc_nano.a(lib_a-findfp.o)
                0x240015b0                __sfp
 .text._fwalk_reent
                0x24001628       0x3c c:/piovscport/platformio/packages/toolchain-gccarmnoneeabi/bin/../lib/gcc/arm-none-eabi/7.2.1/../../../../arm-none-eabi/lib/thumb/v7e-m\libc_nano.a(lib_a-fwalk.o)
                0x24001628                _fwalk_reent
 .text.__swhatbuf_r
                0x24001664       0x48 c:/piovscport/platformio/packages/toolchain-gccarmnoneeabi/bin/../lib/gcc/arm-none-eabi/7.2.1/../../../../arm-none-eabi/lib/thumb/v7e-m\libc_nano.a(lib_a-makebuf.o)
                0x24001664                __swhatbuf_r
 .text.__smakebuf_r
                0x240016ac       0x80 c:/piovscport/platformio/packages/toolchain-gccarmnoneeabi/bin/../lib/gcc/arm-none-eabi/7.2.1/../../../../arm-none-eabi/lib/thumb/v7e-m\libc_nano.a(lib_a-makebuf.o)
                0x240016ac                __smakebuf_r
 .text._free_r  0x2400172c       0x9c c:/piovscport/platformio/packages/toolchain-gccarmnoneeabi/bin/../lib/gcc/arm-none-eabi/7.2.1/../../../../arm-none-eabi/lib/thumb/v7e-m\libc_nano.a(lib_a-nano-freer.o)
                0x2400172c                _free_r
 .text._malloc_r
                0x240017c8       0xb4 c:/piovscport/platformio/packages/toolchain-gccarmnoneeabi/bin/../lib/gcc/arm-none-eabi/7.2.1/../../../../arm-none-eabi/lib/thumb/v7e-m\libc_nano.a(lib_a-nano-mallocr.o)
                0x240017c8                _malloc_r
 .text._sbrk_r  0x2400187c       0x20 c:/piovscport/platformio/packages/toolchain-gccarmnoneeabi/bin/../lib/gcc/arm-none-eabi/7.2.1/../../../../arm-none-eabi/lib/thumb/v7e-m\libc_nano.a(lib_a-sbrkr.o)
                0x2400187c                _sbrk_r
 .text._raise_r
                0x2400189c       0x50 c:/piovscport/platformio/packages/toolchain-gccarmnoneeabi/bin/../lib/gcc/arm-none-eabi/7.2.1/../../../../arm-none-eabi/lib/thumb/v7e-m\libc_nano.a(lib_a-signal.o)
                0x2400189c                _raise_r
 .text.raise    0x240018ec       0x10 c:/piovscport/platformio/packages/toolchain-gccarmnoneeabi/bin/../lib/gcc/arm-none-eabi/7.2.1/../../../../arm-none-eabi/lib/thumb/v7e-m\libc_nano.a(lib_a-signal.o)
                0x240018ec                raise
 .text._kill_r  0x240018fc       0x24 c:/piovscport/platformio/packages/toolchain-gccarmnoneeabi/bin/../lib/gcc/arm-none-eabi/7.2.1/../../../../arm-none-eabi/lib/thumb/v7e-m\libc_nano.a(lib_a-signalr.o)
                0x240018fc                _kill_r
 .text._getpid_r
                0x24001920        0x4 c:/piovscport/platformio/packages/toolchain-gccarmnoneeabi/bin/../lib/gcc/arm-none-eabi/7.2.1/../../../../arm-none-eabi/lib/thumb/v7e-m\libc_nano.a(lib_a-signalr.o)
                0x24001920                _getpid_r
 .text.__sread  0x24001924       0x22 c:/piovscport/platformio/packages/toolchain-gccarmnoneeabi/bin/../lib/gcc/arm-none-eabi/7.2.1/../../../../arm-none-eabi/lib/thumb/v7e-m\libc_nano.a(lib_a-stdio.o)
                0x24001924                __sread
 .text.__swrite
                0x24001946       0x38 c:/piovscport/platformio/packages/toolchain-gccarmnoneeabi/bin/../lib/gcc/arm-none-eabi/7.2.1/../../../../arm-none-eabi/lib/thumb/v7e-m\libc_nano.a(lib_a-stdio.o)
                0x24001946                __swrite
 .text.__sseek  0x2400197e       0x24 c:/piovscport/platformio/packages/toolchain-gccarmnoneeabi/bin/../lib/gcc/arm-none-eabi/7.2.1/../../../../arm-none-eabi/lib/thumb/v7e-m\libc_nano.a(lib_a-stdio.o)
                0x2400197e                __sseek
 .text.__sclose
                0x240019a2        0x8 c:/piovscport/platformio/packages/toolchain-gccarmnoneeabi/bin/../lib/gcc/arm-none-eabi/7.2.1/../../../../arm-none-eabi/lib/thumb/v7e-m\libc_nano.a(lib_a-stdio.o)
                0x240019a2                __sclose
 *fill*         0x240019aa        0x2 
 .text._write_r
                0x240019ac       0x24 c:/piovscport/platformio/packages/toolchain-gccarmnoneeabi/bin/../lib/gcc/arm-none-eabi/7.2.1/../../../../arm-none-eabi/lib/thumb/v7e-m\libc_nano.a(lib_a-writer.o)
                0x240019ac                _write_r
 .text._close_r
                0x240019d0       0x20 c:/piovscport/platformio/packages/toolchain-gccarmnoneeabi/bin/../lib/gcc/arm-none-eabi/7.2.1/../../../../arm-none-eabi/lib/thumb/v7e-m\libc_nano.a(lib_a-closer.o)
                0x240019d0                _close_r
 .text._fstat_r
                0x240019f0       0x24 c:/piovscport/platformio/packages/toolchain-gccarmnoneeabi/bin/../lib/gcc/arm-none-eabi/7.2.1/../../../../arm-none-eabi/lib/thumb/v7e-m\libc_nano.a(lib_a-fstatr.o)
                0x240019f0                _fstat_r
 .text._isatty_r
                0x24001a14       0x20 c:/piovscport/platformio/packages/toolchain-gccarmnoneeabi/bin/../lib/gcc/arm-none-eabi/7.2.1/../../../../arm-none-eabi/lib/thumb/v7e-m\libc_nano.a(lib_a-isattyr.o)
                0x24001a14                _isatty_r
 .text._lseek_r
                0x24001a34       0x24 c:/piovscport/platformio/packages/toolchain-gccarmnoneeabi/bin/../lib/gcc/arm-none-eabi/7.2.1/../../../../arm-none-eabi/lib/thumb/v7e-m\libc_nano.a(lib_a-lseekr.o)
                0x24001a34                _lseek_r
 .text.__malloc_lock
                0x24001a58        0x2 c:/piovscport/platformio/packages/toolchain-gccarmnoneeabi/bin/../lib/gcc/arm-none-eabi/7.2.1/../../../../arm-none-eabi/lib/thumb/v7e-m\libc_nano.a(lib_a-mlock.o)
                0x24001a58                __malloc_lock
 .text.__malloc_unlock
                0x24001a5a        0x2 c:/piovscport/platformio/packages/toolchain-gccarmnoneeabi/bin/../lib/gcc/arm-none-eabi/7.2.1/../../../../arm-none-eabi/lib/thumb/v7e-m\libc_nano.a(lib_a-mlock.o)
                0x24001a5a                __malloc_unlock
 .text._read_r  0x24001a5c       0x24 c:/piovscport/platformio/packages/toolchain-gccarmnoneeabi/bin/../lib/gcc/arm-none-eabi/7.2.1/../../../../arm-none-eabi/lib/thumb/v7e-m\libc_nano.a(lib_a-readr.o)
                0x24001a5c                _read_r
 .text._close   0x24001a80       0x10 c:/piovscport/platformio/packages/toolchain-gccarmnoneeabi/bin/../lib/gcc/arm-none-eabi/7.2.1/../../../../arm-none-eabi/lib/thumb/v7e-m\libnosys.a(close.o)
                0x24001a80                _close
 .text._fstat   0x24001a90       0x10 c:/piovscport/platformio/packages/toolchain-gccarmnoneeabi/bin/../lib/gcc/arm-none-eabi/7.2.1/../../../../arm-none-eabi/lib/thumb/v7e-m\libnosys.a(fstat.o)
                0x24001a90                _fstat
 .text._getpid  0x24001aa0       0x10 c:/piovscport/platformio/packages/toolchain-gccarmnoneeabi/bin/../lib/gcc/arm-none-eabi/7.2.1/../../../../arm-none-eabi/lib/thumb/v7e-m\libnosys.a(getpid.o)
                0x24001aa0                _getpid
 .text._isatty  0x24001ab0       0x10 c:/piovscport/platformio/packages/toolchain-gccarmnoneeabi/bin/../lib/gcc/arm-none-eabi/7.2.1/../../../../arm-none-eabi/lib/thumb/v7e-m\libnosys.a(isatty.o)
                0x24001ab0                _isatty
 .text._kill    0x24001ac0       0x10 c:/piovscport/platformio/packages/toolchain-gccarmnoneeabi/bin/../lib/gcc/arm-none-eabi/7.2.1/../../../../arm-none-eabi/lib/thumb/v7e-m\libnosys.a(kill.o)
                0x24001ac0                _kill
 .text._lseek   0x24001ad0       0x10 c:/piovscport/platformio/packages/toolchain-gccarmnoneeabi/bin/../lib/gcc/arm-none-eabi/7.2.1/../../../../arm-none-eabi/lib/thumb/v7e-m\libnosys.a(lseek.o)
                0x24001ad0                _lseek
 .text._read    0x24001ae0       0x10 c:/piovscport/platformio/packages/toolchain-gccarmnoneeabi/bin/../lib/gcc/arm-none-eabi/7.2.1/../../../../arm-none-eabi/lib/thumb/v7e-m\libnosys.a(read.o)
                0x24001ae0                _read
 .text._sbrk    0x24001af0       0x1c c:/piovscport/platformio/packages/toolchain-gccarmnoneeabi/bin/../lib/gcc/arm-none-eabi/7.2.1/../../../../arm-none-eabi/lib/thumb/v7e-m\libnosys.a(sbrk.o)
                0x24001af0                _sbrk
 .text._write   0x24001b0c       0x10 c:/piovscport/platformio/packages/toolchain-gccarmnoneeabi/bin/../lib/gcc/arm-none-eabi/7.2.1/../../../../arm-none-eabi/lib/thumb/v7e-m\libnosys.a(write.o)
                0x24001b0c                _write
 .text._exit    0x24001b1c        0x4 c:/piovscport/platformio/packages/toolchain-gccarmnoneeabi/bin/../lib/gcc/arm-none-eabi/7.2.1/../../../../arm-none-eabi/lib/thumb/v7e-m\libnosys.a(_exit.o)
                0x24001b1c                _exit
 *(.glue_7)
 .glue_7        0x24001b20        0x0 linker stubs
 *(.glue_7t)
 .glue_7t       0x24001b20        0x0 linker stubs
 *(.eh_frame)
 .eh_frame      0x24001b20        0x0 c:/piovscport/platformio/packages/toolchain-gccarmnoneeabi/bin/../lib/gcc/arm-none-eabi/7.2.1/thumb/v7e-m/crtbegin.o
 *(.init)
 .init          0x24001b20        0x4 c:/piovscport/platformio/packages/toolchain-gccarmnoneeabi/bin/../lib/gcc/arm-none-eabi/7.2.1/thumb/v7e-m/crti.o
                0x24001b20                _init
 .init          0x24001b24        0x8 c:/piovscport/platformio/packages/toolchain-gccarmnoneeabi/bin/../lib/gcc/arm-none-eabi/7.2.1/thumb/v7e-m/crtn.o
 *(.fini)
 .fini          0x24001b2c        0x4 c:/piovscport/platformio/packages/toolchain-gccarmnoneeabi/bin/../lib/gcc/arm-none-eabi/7.2.1/thumb/v7e-m/crti.o
                0x24001b2c                _fini
 .fini          0x24001b30        0x8 c:/piovscport/platformio/packages/toolchain-gccarmnoneeabi/bin/../lib/gcc/arm-none-eabi/7.2.1/thumb/v7e-m/crtn.o
                0x24001b38                . = ALIGN (0x4)
                0x24001b38                _etext = .

.vfp11_veneer   0x24001b38        0x0
 .vfp11_veneer  0x24001b38        0x0 linker stubs

.v4_bx          0x24001b38        0x0
 .v4_bx         0x24001b38        0x0 linker stubs

.iplt           0x24001b38        0x0
 .iplt          0x24001b38        0x0 c:/piovscport/platformio/packages/toolchain-gccarmnoneeabi/bin/../lib/gcc/arm-none-eabi/7.2.1/thumb/v7e-m/crtbegin.o

.rodata         0x24001b38      0x234
                0x24001b38                . = ALIGN (0x4)
 *(.rodata)
 *(.rodata*)
 .rodata._global_impure_ptr
                0x24001b38        0x4 c:/piovscport/platformio/packages/toolchain-gccarmnoneeabi/bin/../lib/gcc/arm-none-eabi/7.2.1/../../../../arm-none-eabi/lib/thumb/v7e-m\libc_nano.a(lib_a-impure.o)
                0x24001b38                _global_impure_ptr
 .rodata.LL_GPIO_DeInit.str1.4
                0x24001b3c       0x37 .pio\build\app_in_ram\lib5d4\libLL.a(stm32h7xx_ll_gpio.o)
 *fill*         0x24001b73        0x1 
 .rodata.LL_GPIO_Init.str1.4
                0x24001b74      0x10c .pio\build\app_in_ram\lib5d4\libLL.a(stm32h7xx_ll_gpio.o)
                                0x109 (size before relaxing)
 .rodata.__func__.7221
                0x24001c80        0xf .pio\build\app_in_ram\lib5d4\libLL.a(stm32h7xx_ll_gpio.o)
 *fill*         0x24001c8f        0x1 
 .rodata.__func__.7228
                0x24001c90        0xd .pio\build\app_in_ram\lib5d4\libLL.a(stm32h7xx_ll_gpio.o)
 .rodata.__assert_func.str1.1
                0x24001c9d       0x3c c:/piovscport/platformio/packages/toolchain-gccarmnoneeabi/bin/../lib/gcc/arm-none-eabi/7.2.1/../../../../arm-none-eabi/lib/thumb/v7e-m\libc_nano.a(lib_a-assert.o)
                                 0x3d (size before relaxing)
 .rodata._vfprintf_r.str1.1
                0x24001cd9       0x11 c:/piovscport/platformio/packages/toolchain-gccarmnoneeabi/bin/../lib/gcc/arm-none-eabi/7.2.1/../../../../arm-none-eabi/lib/thumb/v7e-m\libc_nano.a(lib_a-nano-vfprintf.o)
 .rodata._printf_i.str1.1
                0x24001cea       0x22 c:/piovscport/platformio/packages/toolchain-gccarmnoneeabi/bin/../lib/gcc/arm-none-eabi/7.2.1/../../../../arm-none-eabi/lib/thumb/v7e-m\libc_nano.a(lib_a-nano-vfprintf_i.o)
 .rodata.__sf_fake_stderr
                0x24001d0c       0x20 c:/piovscport/platformio/packages/toolchain-gccarmnoneeabi/bin/../lib/gcc/arm-none-eabi/7.2.1/../../../../arm-none-eabi/lib/thumb/v7e-m\libc_nano.a(lib_a-findfp.o)
                0x24001d0c                __sf_fake_stderr
 .rodata.__sf_fake_stdin
                0x24001d2c       0x20 c:/piovscport/platformio/packages/toolchain-gccarmnoneeabi/bin/../lib/gcc/arm-none-eabi/7.2.1/../../../../arm-none-eabi/lib/thumb/v7e-m\libc_nano.a(lib_a-findfp.o)
                0x24001d2c                __sf_fake_stdin
 .rodata.__sf_fake_stdout
                0x24001d4c       0x20 c:/piovscport/platformio/packages/toolchain-gccarmnoneeabi/bin/../lib/gcc/arm-none-eabi/7.2.1/../../../../arm-none-eabi/lib/thumb/v7e-m\libc_nano.a(lib_a-findfp.o)
                0x24001d4c                __sf_fake_stdout
                0x24001d6c                . = ALIGN (0x4)

.rel.dyn        0x24001d6c        0x0
 .rel.iplt      0x24001d6c        0x0 c:/piovscport/platformio/packages/toolchain-gccarmnoneeabi/bin/../lib/gcc/arm-none-eabi/7.2.1/thumb/v7e-m/crtbegin.o

.ARM.extab
 *(.ARM.extab* .gnu.linkonce.armextab.*)

.ARM            0x24001d6c        0x0
                0x24001d6c                __exidx_start = .
 *(.ARM.exidx*)
                0x24001d6c                __exidx_end = .

.preinit_array  0x24001d6c        0x0
                0x24001d6c                PROVIDE (__preinit_array_start, .)
 *(.preinit_array*)
                0x24001d6c                PROVIDE (__preinit_array_end, .)

.init_array     0x24001d6c        0x4
                0x24001d6c                PROVIDE (__init_array_start, .)
 *(SORT_BY_NAME(.init_array.*))
 *(.init_array*)
 .init_array    0x24001d6c        0x4 c:/piovscport/platformio/packages/toolchain-gccarmnoneeabi/bin/../lib/gcc/arm-none-eabi/7.2.1/thumb/v7e-m/crtbegin.o
                0x24001d70                PROVIDE (__init_array_end, .)

.fini_array     0x24001d70        0x4
                [!provide]                PROVIDE (__fini_array_start, .)
 *(SORT_BY_NAME(.fini_array.*))
 *(.fini_array*)
 .fini_array    0x24001d70        0x4 c:/piovscport/platformio/packages/toolchain-gccarmnoneeabi/bin/../lib/gcc/arm-none-eabi/7.2.1/thumb/v7e-m/crtbegin.o
                [!provide]                PROVIDE (__fini_array_end, .)
                0x24001d74                _sidata = LOADADDR (.data)

.data           0x24040000       0x64 load address 0x24001d74
                0x24040000                . = ALIGN (0x4)
                0x24040000                _sdata = .
 *(.data)
 *(.data*)
 .data._impure_ptr
                0x24040000        0x4 c:/piovscport/platformio/packages/toolchain-gccarmnoneeabi/bin/../lib/gcc/arm-none-eabi/7.2.1/../../../../arm-none-eabi/lib/thumb/v7e-m\libc_nano.a(lib_a-impure.o)
                0x24040000                _impure_ptr
 .data.impure_data
                0x24040004       0x60 c:/piovscport/platformio/packages/toolchain-gccarmnoneeabi/bin/../lib/gcc/arm-none-eabi/7.2.1/../../../../arm-none-eabi/lib/thumb/v7e-m\libc_nano.a(lib_a-impure.o)
                0x24040064                . = ALIGN (0x4)
                0x24040064                _edata = .

.igot.plt       0x24040064        0x0 load address 0x24001dd8
 .igot.plt      0x24040064        0x0 c:/piovscport/platformio/packages/toolchain-gccarmnoneeabi/bin/../lib/gcc/arm-none-eabi/7.2.1/thumb/v7e-m/crtbegin.o
                0x24040064                . = ALIGN (0x4)

.bss            0x24040064       0x2c load address 0x24001dd8
                0x24040064                _sbss = .
                0x24040064                __bss_start__ = _sbss
 *(.bss)
 .bss           0x24040064       0x1c c:/piovscport/platformio/packages/toolchain-gccarmnoneeabi/bin/../lib/gcc/arm-none-eabi/7.2.1/thumb/v7e-m/crtbegin.o
 *(.bss*)
 .bss.__malloc_free_list
                0x24040080        0x4 c:/piovscport/platformio/packages/toolchain-gccarmnoneeabi/bin/../lib/gcc/arm-none-eabi/7.2.1/../../../../arm-none-eabi/lib/thumb/v7e-m\libc_nano.a(lib_a-nano-mallocr.o)
                0x24040080                __malloc_free_list
 .bss.__malloc_sbrk_start
                0x24040084        0x4 c:/piovscport/platformio/packages/toolchain-gccarmnoneeabi/bin/../lib/gcc/arm-none-eabi/7.2.1/../../../../arm-none-eabi/lib/thumb/v7e-m\libc_nano.a(lib_a-nano-mallocr.o)
                0x24040084                __malloc_sbrk_start
 .bss.heap_end.4102
                0x24040088        0x4 c:/piovscport/platformio/packages/toolchain-gccarmnoneeabi/bin/../lib/gcc/arm-none-eabi/7.2.1/../../../../arm-none-eabi/lib/thumb/v7e-m\libnosys.a(sbrk.o)
 *(COMMON)
 COMMON         0x2404008c        0x4 c:/piovscport/platformio/packages/toolchain-gccarmnoneeabi/bin/../lib/gcc/arm-none-eabi/7.2.1/../../../../arm-none-eabi/lib/thumb/v7e-m\libc_nano.a(lib_a-reent.o)
                0x2404008c                errno
                0x24040090                . = ALIGN (0x4)
                0x24040090                _ebss = .
                0x24040090                __bss_end__ = _ebss

._user_heap_stack
                0x24040090      0x600 load address 0x24001dd8
                0x24040090                . = ALIGN (0x8)
                0x24040090                PROVIDE (end, .)
                [!provide]                PROVIDE (_end, .)
                0x24040290                . = (. + _Min_Heap_Size)
 *fill*         0x24040090      0x200 
                0x24040690                . = (. + _Min_Stack_Size)
 *fill*         0x24040290      0x400 
                0x24040690                . = ALIGN (0x8)

/DISCARD/
 libc.a(*)
 libm.a(*)
 libgcc.a(*)

.ARM.attributes
                0x00000000       0x2a
 *(.ARM.attributes)
 .ARM.attributes
                0x00000000       0x1e c:/piovscport/platformio/packages/toolchain-gccarmnoneeabi/bin/../lib/gcc/arm-none-eabi/7.2.1/thumb/v7e-m/crti.o
 .ARM.attributes
                0x0000001e       0x2e c:/piovscport/platformio/packages/toolchain-gccarmnoneeabi/bin/../lib/gcc/arm-none-eabi/7.2.1/thumb/v7e-m/crtbegin.o
 .ARM.attributes
                0x0000004c       0x21 .pio\build\app_in_ram\system\startup.o
 .ARM.attributes
                0x0000006d       0x33 .pio\build\app_in_ram\system\system.o
 .ARM.attributes
                0x000000a0       0x33 .pio\build\app_in_ram\src\app\main.o
 .ARM.attributes
                0x000000d3       0x33 .pio\build\app_in_ram\libcec\libled.a(led.o)
 .ARM.attributes
                0x00000106       0x33 .pio\build\app_in_ram\lib4a3\libnuc745_utils.a(nuc745_utils.o)
 .ARM.attributes
                0x00000139       0x2e c:/piovscport/platformio/packages/toolchain-gccarmnoneeabi/bin/../lib/gcc/arm-none-eabi/7.2.1/../../../../arm-none-eabi/lib/thumb/v7e-m\libc_nano.a(lib_a-impure.o)
 .ARM.attributes
                0x00000167       0x2e c:/piovscport/platformio/packages/toolchain-gccarmnoneeabi/bin/../lib/gcc/arm-none-eabi/7.2.1/../../../../arm-none-eabi/lib/thumb/v7e-m\libc_nano.a(lib_a-init.o)
 .ARM.attributes
                0x00000195       0x2e c:/piovscport/platformio/packages/toolchain-gccarmnoneeabi/bin/../lib/gcc/arm-none-eabi/7.2.1/../../../../arm-none-eabi/lib/thumb/v7e-m\libc_nano.a(lib_a-memset.o)
 .ARM.attributes
                0x000001c3       0x33 .pio\build\app_in_ram\lib5d4\libLL.a(stm32h7xx_ll_gpio.o)
 .ARM.attributes
                0x000001f6       0x2e c:/piovscport/platformio/packages/toolchain-gccarmnoneeabi/bin/../lib/gcc/arm-none-eabi/7.2.1/../../../../arm-none-eabi/lib/thumb/v7e-m\libc_nano.a(lib_a-assert.o)
 .ARM.attributes
                0x00000224       0x2e c:/piovscport/platformio/packages/toolchain-gccarmnoneeabi/bin/../lib/gcc/arm-none-eabi/7.2.1/../../../../arm-none-eabi/lib/thumb/v7e-m\libc_nano.a(lib_a-fprintf.o)
 .ARM.attributes
                0x00000252       0x2e c:/piovscport/platformio/packages/toolchain-gccarmnoneeabi/bin/../lib/gcc/arm-none-eabi/7.2.1/../../../../arm-none-eabi/lib/thumb/v7e-m\libc_nano.a(lib_a-nano-vfprintf.o)
 .ARM.attributes
                0x00000280       0x2e c:/piovscport/platformio/packages/toolchain-gccarmnoneeabi/bin/../lib/gcc/arm-none-eabi/7.2.1/../../../../arm-none-eabi/lib/thumb/v7e-m\libc_nano.a(lib_a-nano-vfprintf_i.o)
 .ARM.attributes
                0x000002ae       0x2e c:/piovscport/platformio/packages/toolchain-gccarmnoneeabi/bin/../lib/gcc/arm-none-eabi/7.2.1/../../../../arm-none-eabi/lib/thumb/v7e-m\libc_nano.a(lib_a-wbuf.o)
 .ARM.attributes
                0x000002dc       0x2e c:/piovscport/platformio/packages/toolchain-gccarmnoneeabi/bin/../lib/gcc/arm-none-eabi/7.2.1/../../../../arm-none-eabi/lib/thumb/v7e-m\libc_nano.a(lib_a-wsetup.o)
 .ARM.attributes
                0x0000030a       0x2e c:/piovscport/platformio/packages/toolchain-gccarmnoneeabi/bin/../lib/gcc/arm-none-eabi/7.2.1/../../../../arm-none-eabi/lib/thumb/v7e-m\libc_nano.a(lib_a-abort.o)
 .ARM.attributes
                0x00000338       0x2e c:/piovscport/platformio/packages/toolchain-gccarmnoneeabi/bin/../lib/gcc/arm-none-eabi/7.2.1/../../../../arm-none-eabi/lib/thumb/v7e-m\libc_nano.a(lib_a-fflush.o)
 .ARM.attributes
                0x00000366       0x2e c:/piovscport/platformio/packages/toolchain-gccarmnoneeabi/bin/../lib/gcc/arm-none-eabi/7.2.1/../../../../arm-none-eabi/lib/thumb/v7e-m\libc_nano.a(lib_a-findfp.o)
 .ARM.attributes
                0x00000394       0x2e c:/piovscport/platformio/packages/toolchain-gccarmnoneeabi/bin/../lib/gcc/arm-none-eabi/7.2.1/../../../../arm-none-eabi/lib/thumb/v7e-m\libc_nano.a(lib_a-fwalk.o)
 .ARM.attributes
                0x000003c2       0x2e c:/piovscport/platformio/packages/toolchain-gccarmnoneeabi/bin/../lib/gcc/arm-none-eabi/7.2.1/../../../../arm-none-eabi/lib/thumb/v7e-m\libc_nano.a(lib_a-makebuf.o)
 .ARM.attributes
                0x000003f0       0x1c c:/piovscport/platformio/packages/toolchain-gccarmnoneeabi/bin/../lib/gcc/arm-none-eabi/7.2.1/../../../../arm-none-eabi/lib/thumb/v7e-m\libc_nano.a(lib_a-memchr.o)
 .ARM.attributes
                0x0000040c       0x2e c:/piovscport/platformio/packages/toolchain-gccarmnoneeabi/bin/../lib/gcc/arm-none-eabi/7.2.1/../../../../arm-none-eabi/lib/thumb/v7e-m\libc_nano.a(lib_a-nano-freer.o)
 .ARM.attributes
                0x0000043a       0x2e c:/piovscport/platformio/packages/toolchain-gccarmnoneeabi/bin/../lib/gcc/arm-none-eabi/7.2.1/../../../../arm-none-eabi/lib/thumb/v7e-m\libc_nano.a(lib_a-nano-mallocr.o)
 .ARM.attributes
                0x00000468       0x2e c:/piovscport/platformio/packages/toolchain-gccarmnoneeabi/bin/../lib/gcc/arm-none-eabi/7.2.1/../../../../arm-none-eabi/lib/thumb/v7e-m\libc_nano.a(lib_a-sbrkr.o)
 .ARM.attributes
                0x00000496       0x2e c:/piovscport/platformio/packages/toolchain-gccarmnoneeabi/bin/../lib/gcc/arm-none-eabi/7.2.1/../../../../arm-none-eabi/lib/thumb/v7e-m\libc_nano.a(lib_a-signal.o)
 .ARM.attributes
                0x000004c4       0x2e c:/piovscport/platformio/packages/toolchain-gccarmnoneeabi/bin/../lib/gcc/arm-none-eabi/7.2.1/../../../../arm-none-eabi/lib/thumb/v7e-m\libc_nano.a(lib_a-signalr.o)
 .ARM.attributes
                0x000004f2       0x2e c:/piovscport/platformio/packages/toolchain-gccarmnoneeabi/bin/../lib/gcc/arm-none-eabi/7.2.1/../../../../arm-none-eabi/lib/thumb/v7e-m\libc_nano.a(lib_a-stdio.o)
 .ARM.attributes
                0x00000520       0x2e c:/piovscport/platformio/packages/toolchain-gccarmnoneeabi/bin/../lib/gcc/arm-none-eabi/7.2.1/../../../../arm-none-eabi/lib/thumb/v7e-m\libc_nano.a(lib_a-writer.o)
 .ARM.attributes
                0x0000054e       0x2e c:/piovscport/platformio/packages/toolchain-gccarmnoneeabi/bin/../lib/gcc/arm-none-eabi/7.2.1/../../../../arm-none-eabi/lib/thumb/v7e-m\libc_nano.a(lib_a-closer.o)
 .ARM.attributes
                0x0000057c       0x2e c:/piovscport/platformio/packages/toolchain-gccarmnoneeabi/bin/../lib/gcc/arm-none-eabi/7.2.1/../../../../arm-none-eabi/lib/thumb/v7e-m\libc_nano.a(lib_a-fstatr.o)
 .ARM.attributes
                0x000005aa       0x2e c:/piovscport/platformio/packages/toolchain-gccarmnoneeabi/bin/../lib/gcc/arm-none-eabi/7.2.1/../../../../arm-none-eabi/lib/thumb/v7e-m\libc_nano.a(lib_a-isattyr.o)
 .ARM.attributes
                0x000005d8       0x2e c:/piovscport/platformio/packages/toolchain-gccarmnoneeabi/bin/../lib/gcc/arm-none-eabi/7.2.1/../../../../arm-none-eabi/lib/thumb/v7e-m\libc_nano.a(lib_a-lseekr.o)
 .ARM.attributes
                0x00000606       0x2e c:/piovscport/platformio/packages/toolchain-gccarmnoneeabi/bin/../lib/gcc/arm-none-eabi/7.2.1/../../../../arm-none-eabi/lib/thumb/v7e-m\libc_nano.a(lib_a-mlock.o)
 .ARM.attributes
                0x00000634       0x2e c:/piovscport/platformio/packages/toolchain-gccarmnoneeabi/bin/../lib/gcc/arm-none-eabi/7.2.1/../../../../arm-none-eabi/lib/thumb/v7e-m\libc_nano.a(lib_a-readr.o)
 .ARM.attributes
                0x00000662       0x2e c:/piovscport/platformio/packages/toolchain-gccarmnoneeabi/bin/../lib/gcc/arm-none-eabi/7.2.1/../../../../arm-none-eabi/lib/thumb/v7e-m\libc_nano.a(lib_a-reent.o)
 .ARM.attributes
                0x00000690       0x2e c:/piovscport/platformio/packages/toolchain-gccarmnoneeabi/bin/../lib/gcc/arm-none-eabi/7.2.1/../../../../arm-none-eabi/lib/thumb/v7e-m\libnosys.a(close.o)
 .ARM.attributes
                0x000006be       0x2e c:/piovscport/platformio/packages/toolchain-gccarmnoneeabi/bin/../lib/gcc/arm-none-eabi/7.2.1/../../../../arm-none-eabi/lib/thumb/v7e-m\libnosys.a(fstat.o)
 .ARM.attributes
                0x000006ec       0x2e c:/piovscport/platformio/packages/toolchain-gccarmnoneeabi/bin/../lib/gcc/arm-none-eabi/7.2.1/../../../../arm-none-eabi/lib/thumb/v7e-m\libnosys.a(getpid.o)
 .ARM.attributes
                0x0000071a       0x2e c:/piovscport/platformio/packages/toolchain-gccarmnoneeabi/bin/../lib/gcc/arm-none-eabi/7.2.1/../../../../arm-none-eabi/lib/thumb/v7e-m\libnosys.a(isatty.o)
 .ARM.attributes
                0x00000748       0x2e c:/piovscport/platformio/packages/toolchain-gccarmnoneeabi/bin/../lib/gcc/arm-none-eabi/7.2.1/../../../../arm-none-eabi/lib/thumb/v7e-m\libnosys.a(kill.o)
 .ARM.attributes
                0x00000776       0x2e c:/piovscport/platformio/packages/toolchain-gccarmnoneeabi/bin/../lib/gcc/arm-none-eabi/7.2.1/../../../../arm-none-eabi/lib/thumb/v7e-m\libnosys.a(lseek.o)
 .ARM.attributes
                0x000007a4       0x2e c:/piovscport/platformio/packages/toolchain-gccarmnoneeabi/bin/../lib/gcc/arm-none-eabi/7.2.1/../../../../arm-none-eabi/lib/thumb/v7e-m\libnosys.a(read.o)
 .ARM.attributes
                0x000007d2       0x2e c:/piovscport/platformio/packages/toolchain-gccarmnoneeabi/bin/../lib/gcc/arm-none-eabi/7.2.1/../../../../arm-none-eabi/lib/thumb/v7e-m\libnosys.a(sbrk.o)
 .ARM.attributes
                0x00000800       0x2e c:/piovscport/platformio/packages/toolchain-gccarmnoneeabi/bin/../lib/gcc/arm-none-eabi/7.2.1/../../../../arm-none-eabi/lib/thumb/v7e-m\libnosys.a(write.o)
 .ARM.attributes
                0x0000082e       0x2e c:/piovscport/platformio/packages/toolchain-gccarmnoneeabi/bin/../lib/gcc/arm-none-eabi/7.2.1/../../../../arm-none-eabi/lib/thumb/v7e-m\libnosys.a(_exit.o)
 .ARM.attributes
                0x0000085c       0x1e c:/piovscport/platformio/packages/toolchain-gccarmnoneeabi/bin/../lib/gcc/arm-none-eabi/7.2.1/thumb/v7e-m/crtn.o
OUTPUT(.pio\build\app_in_ram\firmware.elf elf32-littlearm)

.debug_line     0x00000000     0x10cb
 .debug_line    0x00000000       0x71 .pio\build\app_in_ram\system\startup.o
 .debug_line    0x00000071      0x328 .pio\build\app_in_ram\system\system.o
 .debug_line    0x00000399      0x333 .pio\build\app_in_ram\src\app\main.o
 .debug_line    0x000006cc      0x39b .pio\build\app_in_ram\libcec\libled.a(led.o)
 .debug_line    0x00000a67      0x239 .pio\build\app_in_ram\lib4a3\libnuc745_utils.a(nuc745_utils.o)
 .debug_line    0x00000ca0      0x42b .pio\build\app_in_ram\lib5d4\libLL.a(stm32h7xx_ll_gpio.o)

.debug_info     0x00000000     0x3ee7
 .debug_info    0x00000000       0x22 .pio\build\app_in_ram\system\startup.o
 .debug_info    0x00000022      0xee5 .pio\build\app_in_ram\system\system.o
 .debug_info    0x00000f07     0x133b .pio\build\app_in_ram\src\app\main.o
 .debug_info    0x00002242      0x79b .pio\build\app_in_ram\libcec\libled.a(led.o)
 .debug_info    0x000029dd      0x743 .pio\build\app_in_ram\lib4a3\libnuc745_utils.a(nuc745_utils.o)
 .debug_info    0x00003120      0xdc7 .pio\build\app_in_ram\lib5d4\libLL.a(stm32h7xx_ll_gpio.o)

.debug_abbrev   0x00000000      0xa33
 .debug_abbrev  0x00000000       0x12 .pio\build\app_in_ram\system\startup.o
 .debug_abbrev  0x00000012      0x247 .pio\build\app_in_ram\system\system.o
 .debug_abbrev  0x00000259      0x250 .pio\build\app_in_ram\src\app\main.o
 .debug_abbrev  0x000004a9      0x12f .pio\build\app_in_ram\libcec\libled.a(led.o)
 .debug_abbrev  0x000005d8      0x1f2 .pio\build\app_in_ram\lib4a3\libnuc745_utils.a(nuc745_utils.o)
 .debug_abbrev  0x000007ca      0x269 .pio\build\app_in_ram\lib5d4\libLL.a(stm32h7xx_ll_gpio.o)

.debug_aranges  0x00000000      0x1a0
 .debug_aranges
                0x00000000       0x28 .pio\build\app_in_ram\system\startup.o
 .debug_aranges
                0x00000028       0x30 .pio\build\app_in_ram\system\system.o
 .debug_aranges
                0x00000058       0x40 .pio\build\app_in_ram\src\app\main.o
 .debug_aranges
                0x00000098       0xb8 .pio\build\app_in_ram\libcec\libled.a(led.o)
 .debug_aranges
                0x00000150       0x20 .pio\build\app_in_ram\lib4a3\libnuc745_utils.a(nuc745_utils.o)
 .debug_aranges
                0x00000170       0x30 .pio\build\app_in_ram\lib5d4\libLL.a(stm32h7xx_ll_gpio.o)

.debug_str      0x00000000     0x1733
 .debug_str     0x00000000       0x64 .pio\build\app_in_ram\system\startup.o
 .debug_str     0x00000064      0x852 .pio\build\app_in_ram\system\system.o
                                0x913 (size before relaxing)
 .debug_str     0x000008b6      0xbd3 .pio\build\app_in_ram\src\app\main.o
                               0x1031 (size before relaxing)
 .debug_str     0x00001489      0x117 .pio\build\app_in_ram\libcec\libled.a(led.o)
                                0x580 (size before relaxing)
 .debug_str     0x000015a0       0x81 .pio\build\app_in_ram\lib4a3\libnuc745_utils.a(nuc745_utils.o)
                                0x576 (size before relaxing)
 .debug_str     0x00001621      0x112 .pio\build\app_in_ram\lib5d4\libLL.a(stm32h7xx_ll_gpio.o)
                                0x5f0 (size before relaxing)

.debug_ranges   0x00000000      0x1a8
 .debug_ranges  0x00000000       0x20 .pio\build\app_in_ram\system\startup.o
 .debug_ranges  0x00000020       0x20 .pio\build\app_in_ram\system\system.o
 .debug_ranges  0x00000040       0x78 .pio\build\app_in_ram\src\app\main.o
 .debug_ranges  0x000000b8       0xa8 .pio\build\app_in_ram\libcec\libled.a(led.o)
 .debug_ranges  0x00000160       0x10 .pio\build\app_in_ram\lib4a3\libnuc745_utils.a(nuc745_utils.o)
 .debug_ranges  0x00000170       0x38 .pio\build\app_in_ram\lib5d4\libLL.a(stm32h7xx_ll_gpio.o)

.debug_loc      0x00000000      0xbc1
 .debug_loc     0x00000000      0x1e5 .pio\build\app_in_ram\system\system.o
 .debug_loc     0x000001e5      0x1ac .pio\build\app_in_ram\src\app\main.o
 .debug_loc     0x00000391      0x122 .pio\build\app_in_ram\libcec\libled.a(led.o)
 .debug_loc     0x000004b3       0x42 .pio\build\app_in_ram\lib4a3\libnuc745_utils.a(nuc745_utils.o)
 .debug_loc     0x000004f5      0x6cc .pio\build\app_in_ram\lib5d4\libLL.a(stm32h7xx_ll_gpio.o)

.comment        0x00000000       0x7e
 .comment       0x00000000       0x7e .pio\build\app_in_ram\system\system.o
                                 0x7f (size before relaxing)
 .comment       0x0000007e       0x7f .pio\build\app_in_ram\src\app\main.o
 .comment       0x0000007e       0x7f .pio\build\app_in_ram\libcec\libled.a(led.o)
 .comment       0x0000007e       0x7f .pio\build\app_in_ram\lib4a3\libnuc745_utils.a(nuc745_utils.o)
 .comment       0x0000007e       0x7f .pio\build\app_in_ram\lib5d4\libLL.a(stm32h7xx_ll_gpio.o)

.debug_frame    0x00000000      0xc84
 .debug_frame   0x00000000       0x50 .pio\build\app_in_ram\system\system.o
 .debug_frame   0x00000050       0x84 .pio\build\app_in_ram\src\app\main.o
 .debug_frame   0x000000d4      0x178 .pio\build\app_in_ram\libcec\libled.a(led.o)
 .debug_frame   0x0000024c       0x2c .pio\build\app_in_ram\lib4a3\libnuc745_utils.a(nuc745_utils.o)
 .debug_frame   0x00000278       0x2c c:/piovscport/platformio/packages/toolchain-gccarmnoneeabi/bin/../lib/gcc/arm-none-eabi/7.2.1/../../../../arm-none-eabi/lib/thumb/v7e-m\libc_nano.a(lib_a-init.o)
 .debug_frame   0x000002a4       0x20 c:/piovscport/platformio/packages/toolchain-gccarmnoneeabi/bin/../lib/gcc/arm-none-eabi/7.2.1/../../../../arm-none-eabi/lib/thumb/v7e-m\libc_nano.a(lib_a-memset.o)
 .debug_frame   0x000002c4       0x58 .pio\build\app_in_ram\lib5d4\libLL.a(stm32h7xx_ll_gpio.o)
 .debug_frame   0x0000031c       0x40 c:/piovscport/platformio/packages/toolchain-gccarmnoneeabi/bin/../lib/gcc/arm-none-eabi/7.2.1/../../../../arm-none-eabi/lib/thumb/v7e-m\libc_nano.a(lib_a-assert.o)
 .debug_frame   0x0000035c       0x64 c:/piovscport/platformio/packages/toolchain-gccarmnoneeabi/bin/../lib/gcc/arm-none-eabi/7.2.1/../../../../arm-none-eabi/lib/thumb/v7e-m\libc_nano.a(lib_a-fprintf.o)
 .debug_frame   0x000003c0       0xac c:/piovscport/platformio/packages/toolchain-gccarmnoneeabi/bin/../lib/gcc/arm-none-eabi/7.2.1/../../../../arm-none-eabi/lib/thumb/v7e-m\libc_nano.a(lib_a-nano-vfprintf.o)
 .debug_frame   0x0000046c       0x60 c:/piovscport/platformio/packages/toolchain-gccarmnoneeabi/bin/../lib/gcc/arm-none-eabi/7.2.1/../../../../arm-none-eabi/lib/thumb/v7e-m\libc_nano.a(lib_a-nano-vfprintf_i.o)
 .debug_frame   0x000004cc       0x40 c:/piovscport/platformio/packages/toolchain-gccarmnoneeabi/bin/../lib/gcc/arm-none-eabi/7.2.1/../../../../arm-none-eabi/lib/thumb/v7e-m\libc_nano.a(lib_a-wbuf.o)
 .debug_frame   0x0000050c       0x2c c:/piovscport/platformio/packages/toolchain-gccarmnoneeabi/bin/../lib/gcc/arm-none-eabi/7.2.1/../../../../arm-none-eabi/lib/thumb/v7e-m\libc_nano.a(lib_a-wsetup.o)
 .debug_frame   0x00000538       0x28 c:/piovscport/platformio/packages/toolchain-gccarmnoneeabi/bin/../lib/gcc/arm-none-eabi/7.2.1/../../../../arm-none-eabi/lib/thumb/v7e-m\libc_nano.a(lib_a-abort.o)
 .debug_frame   0x00000560       0x68 c:/piovscport/platformio/packages/toolchain-gccarmnoneeabi/bin/../lib/gcc/arm-none-eabi/7.2.1/../../../../arm-none-eabi/lib/thumb/v7e-m\libc_nano.a(lib_a-fflush.o)
 .debug_frame   0x000005c8      0x11c c:/piovscport/platformio/packages/toolchain-gccarmnoneeabi/bin/../lib/gcc/arm-none-eabi/7.2.1/../../../../arm-none-eabi/lib/thumb/v7e-m\libc_nano.a(lib_a-findfp.o)
 .debug_frame   0x000006e4       0x54 c:/piovscport/platformio/packages/toolchain-gccarmnoneeabi/bin/../lib/gcc/arm-none-eabi/7.2.1/../../../../arm-none-eabi/lib/thumb/v7e-m\libc_nano.a(lib_a-fwalk.o)
 .debug_frame   0x00000738       0x58 c:/piovscport/platformio/packages/toolchain-gccarmnoneeabi/bin/../lib/gcc/arm-none-eabi/7.2.1/../../../../arm-none-eabi/lib/thumb/v7e-m\libc_nano.a(lib_a-makebuf.o)
 .debug_frame   0x00000790       0x38 c:/piovscport/platformio/packages/toolchain-gccarmnoneeabi/bin/../lib/gcc/arm-none-eabi/7.2.1/../../../../arm-none-eabi/lib/thumb/v7e-m\libc_nano.a(lib_a-nano-freer.o)
 .debug_frame   0x000007c8       0x2c c:/piovscport/platformio/packages/toolchain-gccarmnoneeabi/bin/../lib/gcc/arm-none-eabi/7.2.1/../../../../arm-none-eabi/lib/thumb/v7e-m\libc_nano.a(lib_a-nano-mallocr.o)
 .debug_frame   0x000007f4       0x2c c:/piovscport/platformio/packages/toolchain-gccarmnoneeabi/bin/../lib/gcc/arm-none-eabi/7.2.1/../../../../arm-none-eabi/lib/thumb/v7e-m\libc_nano.a(lib_a-sbrkr.o)
 .debug_frame   0x00000820       0xcc c:/piovscport/platformio/packages/toolchain-gccarmnoneeabi/bin/../lib/gcc/arm-none-eabi/7.2.1/../../../../arm-none-eabi/lib/thumb/v7e-m\libc_nano.a(lib_a-signal.o)
 .debug_frame   0x000008ec       0x3c c:/piovscport/platformio/packages/toolchain-gccarmnoneeabi/bin/../lib/gcc/arm-none-eabi/7.2.1/../../../../arm-none-eabi/lib/thumb/v7e-m\libc_nano.a(lib_a-signalr.o)
 .debug_frame   0x00000928       0x88 c:/piovscport/platformio/packages/toolchain-gccarmnoneeabi/bin/../lib/gcc/arm-none-eabi/7.2.1/../../../../arm-none-eabi/lib/thumb/v7e-m\libc_nano.a(lib_a-stdio.o)
 .debug_frame   0x000009b0       0x2c c:/piovscport/platformio/packages/toolchain-gccarmnoneeabi/bin/../lib/gcc/arm-none-eabi/7.2.1/../../../../arm-none-eabi/lib/thumb/v7e-m\libc_nano.a(lib_a-writer.o)
 .debug_frame   0x000009dc       0x2c c:/piovscport/platformio/packages/toolchain-gccarmnoneeabi/bin/../lib/gcc/arm-none-eabi/7.2.1/../../../../arm-none-eabi/lib/thumb/v7e-m\libc_nano.a(lib_a-closer.o)
 .debug_frame   0x00000a08       0x2c c:/piovscport/platformio/packages/toolchain-gccarmnoneeabi/bin/../lib/gcc/arm-none-eabi/7.2.1/../../../../arm-none-eabi/lib/thumb/v7e-m\libc_nano.a(lib_a-fstatr.o)
 .debug_frame   0x00000a34       0x2c c:/piovscport/platformio/packages/toolchain-gccarmnoneeabi/bin/../lib/gcc/arm-none-eabi/7.2.1/../../../../arm-none-eabi/lib/thumb/v7e-m\libc_nano.a(lib_a-isattyr.o)
 .debug_frame   0x00000a60       0x2c c:/piovscport/platformio/packages/toolchain-gccarmnoneeabi/bin/../lib/gcc/arm-none-eabi/7.2.1/../../../../arm-none-eabi/lib/thumb/v7e-m\libc_nano.a(lib_a-lseekr.o)
 .debug_frame   0x00000a8c       0x30 c:/piovscport/platformio/packages/toolchain-gccarmnoneeabi/bin/../lib/gcc/arm-none-eabi/7.2.1/../../../../arm-none-eabi/lib/thumb/v7e-m\libc_nano.a(lib_a-mlock.o)
 .debug_frame   0x00000abc       0x2c c:/piovscport/platformio/packages/toolchain-gccarmnoneeabi/bin/../lib/gcc/arm-none-eabi/7.2.1/../../../../arm-none-eabi/lib/thumb/v7e-m\libc_nano.a(lib_a-readr.o)
 .debug_frame   0x00000ae8       0x5c c:/piovscport/platformio/packages/toolchain-gccarmnoneeabi/bin/../lib/gcc/arm-none-eabi/7.2.1/../../../../arm-none-eabi/lib/thumb/v7e-m\libc_nano.a(lib_a-reent.o)
 .debug_frame   0x00000b44       0x20 c:/piovscport/platformio/packages/toolchain-gccarmnoneeabi/bin/../lib/gcc/arm-none-eabi/7.2.1/../../../../arm-none-eabi/lib/thumb/v7e-m\libnosys.a(close.o)
 .debug_frame   0x00000b64       0x20 c:/piovscport/platformio/packages/toolchain-gccarmnoneeabi/bin/../lib/gcc/arm-none-eabi/7.2.1/../../../../arm-none-eabi/lib/thumb/v7e-m\libnosys.a(fstat.o)
 .debug_frame   0x00000b84       0x20 c:/piovscport/platformio/packages/toolchain-gccarmnoneeabi/bin/../lib/gcc/arm-none-eabi/7.2.1/../../../../arm-none-eabi/lib/thumb/v7e-m\libnosys.a(getpid.o)
 .debug_frame   0x00000ba4       0x20 c:/piovscport/platformio/packages/toolchain-gccarmnoneeabi/bin/../lib/gcc/arm-none-eabi/7.2.1/../../../../arm-none-eabi/lib/thumb/v7e-m\libnosys.a(isatty.o)
 .debug_frame   0x00000bc4       0x20 c:/piovscport/platformio/packages/toolchain-gccarmnoneeabi/bin/../lib/gcc/arm-none-eabi/7.2.1/../../../../arm-none-eabi/lib/thumb/v7e-m\libnosys.a(kill.o)
 .debug_frame   0x00000be4       0x20 c:/piovscport/platformio/packages/toolchain-gccarmnoneeabi/bin/../lib/gcc/arm-none-eabi/7.2.1/../../../../arm-none-eabi/lib/thumb/v7e-m\libnosys.a(lseek.o)
 .debug_frame   0x00000c04       0x20 c:/piovscport/platformio/packages/toolchain-gccarmnoneeabi/bin/../lib/gcc/arm-none-eabi/7.2.1/../../../../arm-none-eabi/lib/thumb/v7e-m\libnosys.a(read.o)
 .debug_frame   0x00000c24       0x20 c:/piovscport/platformio/packages/toolchain-gccarmnoneeabi/bin/../lib/gcc/arm-none-eabi/7.2.1/../../../../arm-none-eabi/lib/thumb/v7e-m\libnosys.a(sbrk.o)
 .debug_frame   0x00000c44       0x20 c:/piovscport/platformio/packages/toolchain-gccarmnoneeabi/bin/../lib/gcc/arm-none-eabi/7.2.1/../../../../arm-none-eabi/lib/thumb/v7e-m\libnosys.a(write.o)
 .debug_frame   0x00000c64       0x20 c:/piovscport/platformio/packages/toolchain-gccarmnoneeabi/bin/../lib/gcc/arm-none-eabi/7.2.1/../../../../arm-none-eabi/lib/thumb/v7e-m\libnosys.a(_exit.o)

.stab           0x00000000       0xcc
 .stab          0x00000000       0x24 c:/piovscport/platformio/packages/toolchain-gccarmnoneeabi/bin/../lib/gcc/arm-none-eabi/7.2.1/../../../../arm-none-eabi/lib/thumb/v7e-m\libnosys.a(close.o)
 .stab          0x00000024       0x18 c:/piovscport/platformio/packages/toolchain-gccarmnoneeabi/bin/../lib/gcc/arm-none-eabi/7.2.1/../../../../arm-none-eabi/lib/thumb/v7e-m\libnosys.a(fstat.o)
                                 0x24 (size before relaxing)
 .stab          0x0000003c       0x18 c:/piovscport/platformio/packages/toolchain-gccarmnoneeabi/bin/../lib/gcc/arm-none-eabi/7.2.1/../../../../arm-none-eabi/lib/thumb/v7e-m\libnosys.a(getpid.o)
                                 0x24 (size before relaxing)
 .stab          0x00000054       0x18 c:/piovscport/platformio/packages/toolchain-gccarmnoneeabi/bin/../lib/gcc/arm-none-eabi/7.2.1/../../../../arm-none-eabi/lib/thumb/v7e-m\libnosys.a(isatty.o)
                                 0x24 (size before relaxing)
 .stab          0x0000006c       0x18 c:/piovscport/platformio/packages/toolchain-gccarmnoneeabi/bin/../lib/gcc/arm-none-eabi/7.2.1/../../../../arm-none-eabi/lib/thumb/v7e-m\libnosys.a(kill.o)
                                 0x24 (size before relaxing)
 .stab          0x00000084       0x18 c:/piovscport/platformio/packages/toolchain-gccarmnoneeabi/bin/../lib/gcc/arm-none-eabi/7.2.1/../../../../arm-none-eabi/lib/thumb/v7e-m\libnosys.a(lseek.o)
                                 0x24 (size before relaxing)
 .stab          0x0000009c       0x18 c:/piovscport/platformio/packages/toolchain-gccarmnoneeabi/bin/../lib/gcc/arm-none-eabi/7.2.1/../../../../arm-none-eabi/lib/thumb/v7e-m\libnosys.a(read.o)
                                 0x24 (size before relaxing)
 .stab          0x000000b4       0x18 c:/piovscport/platformio/packages/toolchain-gccarmnoneeabi/bin/../lib/gcc/arm-none-eabi/7.2.1/../../../../arm-none-eabi/lib/thumb/v7e-m\libnosys.a(write.o)
                                 0x24 (size before relaxing)

.stabstr        0x00000000      0x1b9
 .stabstr       0x00000000      0x1b9 c:/piovscport/platformio/packages/toolchain-gccarmnoneeabi/bin/../lib/gcc/arm-none-eabi/7.2.1/../../../../arm-none-eabi/lib/thumb/v7e-m\libnosys.a(close.o)
